[[ImageItem]]
name16 = "A.IMX"

[[ImageItem]]
name16 = "B.IMX"

[[ModelItem]]
name16 = "C.XG"

[[ModelItem]]
name16 = "D.XG"

[[ModelItem]]
name16 = "E.XG"
